[proraftingtours.com/index.html]
[backblue.gif]
[fade.gif]
[index.html]
[proraftingtours.com/wp-content/themes/prorafttours/FormPopUp/modals.css]
[proraftingtours.com/wp-content/themes/prorafttours/FormPopUp/OriginalPopUp.css]
[proraftingtours.com/comments/feed/index.html]
[proraftingtours.com/feed/index.html]
[proraftingtours.com/index.html]
[proraftingtours.com/wp-includes/css/dist/block-library/theme.min3c21.css]
[proraftingtours.com/wp-content/plugins/contact-form-7/includes/css/styles3c21.css]
[proraftingtours.com/wp-content/plugins/siteorigin-panels/css/front-flex.min0ad8.css]
[proraftingtours.com/wp-includes/css/dist/block-library/style.min3c21.css]
[proraftingtours.com/wp-content/themes/prorafttours/FormPopUp/modals.css]
[proraftingtours.com/wp-content/uploads/siteorigin-widgets/sow-hero-default-da80dcd6cfc73c21.css]
[proraftingtours.com/wp-content/plugins/so-widgets-bundle/css/slider/slider14b6.css]
[proraftingtours.com/wp-content/uploads/siteorigin-widgets/sow-hero-default-5ecb17bd4f643c21.css]
[proraftingtours.com/wp-content/uploads/siteorigin-widgets/sow-hero-default-41b3c415a8313c21.css]
[proraftingtours.com/wp-content/themes/prorafttours/FormPopUp/OriginalPopUp.css]
[proraftingtours.com/wp-content/uploads/siteorigin-widgets/sow-hero-default-dc7629d507203c21.css]
[proraftingtours.com/wp-content/uploads/siteorigin-widgets/sow-hero-default-5337f26d103d3c21.css]
[proraftingtours.com/wp-content/plugins/so-widgets-bundle/widgets/testimonial/css/style14b6.css]
[proraftingtours.com/wp-content/uploads/siteorigin-widgets/sow-testimonials-default-4408938938973c21.css]
[proraftingtours.com/wp-includes/css/dist/block-library/style.min3c21.css]
[proraftingtours.com/wp-content/uploads/siteorigin-widgets/sow-hero-default-eade282d24e43c21.css]
[proraftingtours.com/wp-content/themes/prorafttours/style3c21.css]
[proraftingtours.com/wp-content/themes/storefront/assets/css/base/gutenberg-blocksa305.css]
[proraftingtours.com/wp-content/themes/storefront/stylea305.css]
[proraftingtours.com/wp-includes/css/dist/block-library/theme.min3c21.css]
[proraftingtours.com/wp-content/themes/prorafttours/style8a54.css]
[proraftingtours.com/wp-content/plugins/so-widgets-bundle/js/jquery.cycle.min14b6.js]
[proraftingtours.com/wp-content/themes/storefront/assets/css/woocommerce/woocommercea305.css]
[proraftingtours.com/wp-content/themes/storefront/assets/css/base/iconsa305.css]
[proraftingtours.com/wp-content/plugins/contact-form-7/includes/css/styles3c21.css]
[proraftingtours.com/wp-content/plugins/so-widgets-bundle/js/slider/jquery.slider.min14b6.js]
[proraftingtours.com/xmlrpc0db0.php]
[proraftingtours.com/wp-includes/wlwmanifest.xml]
[proraftingtours.com/wp-json/index.html]
[proraftingtours.com/wp-content/plugins/siteorigin-panels/css/front-flex.min0ad8.css]
[proraftingtours.com/wp-json/oembed/1.0/embede688.json]
[proraftingtours.com/wp-json/oembed/1.0/embed7bea]
[proraftingtours.com/wp-content/plugins/so-widgets-bundle/css/slider/slider14b6.css]
[proraftingtours.com/wp-content/uploads/siteorigin-widgets/sow-hero-default-da80dcd6cfc73c21.css]
[proraftingtours.com/wp-content/themes/prorafttours/js/jquery.js-cookie.js]
[proraftingtours.com/wp-content/uploads/siteorigin-widgets/sow-hero-default-5ecb17bd4f643c21.css]
[proraftingtours.com/wp-content/themes/prorafttours/css/header-custom.css]
[proraftingtours.com/wp-content/uploads/siteorigin-widgets/sow-hero-default-41b3c415a8313c21.css]
[proraftingtours.com/wp-content/uploads/2018/11/cropped-prtwebsite2-1-32x32.jpg]
[proraftingtours.com/wp-content/uploads/siteorigin-widgets/sow-hero-default-dc7629d507203c21.css]
[proraftingtours.com/wp-content/uploads/2018/11/cropped-prtwebsite2-1-180x180.jpg]
[proraftingtours.com/wp-content/uploads/2018/11/cropped-prtwebsite2-1-192x192.jpg]
[proraftingtours.com/wp-content/uploads/siteorigin-widgets/sow-hero-default-5337f26d103d3c21.css]
[proraftingtours.com/wp-content/themes/prorafttours/navigation.js]
[proraftingtours.com/wp-content/plugins/so-widgets-bundle/widgets/testimonial/css/style14b6.css]
[proraftingtours.com/wp-content/themes/prorafttours/navigation.css]
[proraftingtours.com/wp-content/uploads/siteorigin-widgets/sow-testimonials-default-4408938938973c21.css]
[proraftingtours.com/wp-content/uploads/siteorigin-widgets/sow-hero-default-eade282d24e43c21.css]
[proraftingtours.com/wp-content/themes/prorafttours/style3c21.css]
[proraftingtours.com/wp-content/uploads/2018/11/prtwebsite2.jpg]
[proraftingtours.com/wp-content/themes/storefront/stylea305.css]
[proraftingtours.com/wp-content/themes/storefront/assets/css/base/gutenberg-blocksa305.css]
[proraftingtours.com/wp-content/themes/storefront/assets/css/base/iconsa305.css]
[proraftingtours.com/wp-content/themes/storefront/assets/css/woocommerce/woocommercea305.css]
[proraftingtours.com/wp-content/themes/prorafttours/style8a54.css]
[proraftingtours.com/wp-content/themes/prorafttours/css/header-custom.css]
[proraftingtours.com/wp-content/themes/prorafttours/navigation.css]
[proraftingtours.com/wp-content/uploads/2018/11/prtwebsitewords.jpg]
[proraftingtours.com/wp-content/uploads/2018/12/g4242.png]
[proraftingtours.com/wp-content/uploads/2019/02/golden-sunset-and-rocky-beach-on-main-salmon-river-idaho.jpg]
[proraftingtours.com/wp-content/uploads/2019/02/main-salmon-river-whitewater-river-rafting-idaho.jpg]
[proraftingtours.com/wp-content/uploads/2019/02/rafting-kayaking-tubing-fishing-provo-river-utah.jpg]
[proraftingtours.com/wp-content/uploads/2019/02/paddle-in-rapid-during-grand-canyon-whitewater-river-rafting-trip.jpg]
[proraftingtours.com/wp-content/uploads/2019/02/whitewater-rafting-kern-river-california.jpg]
[proraftingtours.com/wp-content/uploads/2019/02/whitewater-rafting-kern-river-california-3.jpg]
[proraftingtours.com/wp-content/uploads/2019/02/tent-camping-river-trip-utah-idaho-california.jpg]
[proraftingtours.com/wp-content/uploads/2019/02/rafting-trip-catered-picnic-provo-river-utah.jpg]
[proraftingtours.com/wp-content/uploads/2019/02/aerial-view-main-salmon-river-idaho.jpg]
[proraftingtours.com/wp-content/uploads/2019/02/donny-whitewater-kayaking-international-river-trip.jpg]
[proraftingtours.com/wp-content/uploads/2019/02/man-tying-raft-to-truck.jpg]
[proraftingtours.com/wp-content/uploads/2019/02/plants-blue-river-water.jpg]
[proraftingtours.com/wp-content/uploads/2019/02/scene-from-camping-on-kern-river-california.jpg]
[proraftingtours.com/wp-content/uploads/2019/02/main-salmon-river.jpg]
[proraftingtours.com/wp-content/uploads/2019/02/moab-river-rafting-768x1024.jpg]
[proraftingtours.com/wp-content/uploads/2019/02/international-river-rafting-trip-768x1024.jpg]
[proraftingtours.com/wp-content/uploads/2019/02/big-daddy-kern-river-california.jpg]
[proraftingtours.com/wp-content/uploads/2019/02/main-smiling-and-relaxing-during-main-salmon-river-vacation-in-idaho-150x150.jpg]
[proraftingtours.com/wp-content/uploads/2019/02/men-river-rafting-during-international-river-trip-in-mexico.jpg]
[proraftingtours.com/wp-content/uploads/2019/02/selfie-rapid-colorado-grand-canyon.jpg]
[proraftingtours.com/wp-content/themes/prorafttours/css/footer-custom.css]
[proraftingtours.com/wp-content/uploads/2019/02/river-rafting-rental-mexico.jpg]
[proraftingtours.com/wp-content/uploads/2019/02/people-exploring-side-canyon-during-grand-canyon-river-rafting-trip.jpg]
[proraftingtours.com/wp-content/themes/prorafttours/css/footer-custom.css]
[proraftingtours.com/wp-content/uploads/siteorigin-widgets/sow-button-wire-3792f71229973c21.css]
[proraftingtours.com/wp-content/plugins/so-widgets-bundle/widgets/button/css/style14b6.css]
[proraftingtours.com/wp-content/uploads/siteorigin-widgets/sow-button-wire-524529cec0443c21.css]
[proraftingtours.com/wp-content/uploads/siteorigin-widgets/sow-button-wire-9594c987271b3c21.css]
[proraftingtours.com/wp-content/uploads/siteorigin-widgets/sow-button-wire-44f775eddb233c21.css]
[proraftingtours.com/wp-content/uploads/2018/12/g4356.png]
[proraftingtours.com/wp-content/uploads/2018/09/US_Forest_Service_logo-1.png]
[proraftingtours.com/wp-content/plugins/contact-form-7/includes/js/scripts3c21.js]
[proraftingtours.com/wp-content/plugins/woocommerce/assets/js/frontend/add-to-cart.mine248.js]
[proraftingtours.com/wp-content/uploads/2019/02/sunset-during-whitewater-river-rafting-trip-idaho.jpg]
[proraftingtours.com/wp-content/plugins/woocommerce/assets/js/jquery-blockui/jquery.blockUI.min44fd.js]
[proraftingtours.com/wp-content/plugins/woocommerce/assets/js/frontend/woocommerce.mine248.js]
[proraftingtours.com/wp-content/plugins/woocommerce/assets/js/js-cookie/js.cookie.min6b25.js]
[proraftingtours.com/wp-content/plugins/woocommerce/assets/js/frontend/cart-fragments.mine248.js]
[proraftingtours.com/wp-content/uploads/siteorigin-widgets/sow-button-wire-3792f71229973c21.css]
[proraftingtours.com/wp-content/themes/storefront/assets/js/navigation.mina305.js]
[proraftingtours.com/wp-content/themes/storefront/assets/js/skip-link-focus-fix.min08e0.js]
[proraftingtours.com/wp-content/themes/storefront/assets/js/woocommerce/header-cart.mina305.js]
[proraftingtours.com/wp-content/themes/storefront/assets/js/vendor/pep.mina79f.js]
[proraftingtours.com/wp-content/plugins/so-widgets-bundle/widgets/button/css/style14b6.css]
[proraftingtours.com/wp-content/plugins/siteorigin-panels/js/styling-2100.min0ad8.js]
[proraftingtours.com/wp-includes/js/wp-embed.min3c21.js]
[proraftingtours.com/wp-content/plugins/so-widgets-bundle/js/sow.jquery.fittext.min62ea.js]
[proraftingtours.com/wp-content/uploads/siteorigin-widgets/sow-button-wire-524529cec0443c21.css]
[proraftingtours.com/wp-content/plugins/contact-form-7/images/ajax-loader.gif]
[proraftingtours.com/wp-content/uploads/siteorigin-widgets/sow-button-wire-9594c987271b3c21.css]
[proraftingtours.com/wp-content/plugins/so-widgets-bundle/css/slider/fonts/slidere8c2.eot]
[proraftingtours.com/wp-content/plugins/so-widgets-bundle/css/slider/fonts/sliderd41d.eot]
[proraftingtours.com/wp-content/plugins/so-widgets-bundle/css/slider/fonts/slidere8c2.woff]
[proraftingtours.com/wp-content/uploads/siteorigin-widgets/sow-button-wire-44f775eddb233c21.css]
[proraftingtours.com/wp-content/themes/storefront/style.css]
[proraftingtours.com/wp-content/themes/storefront/js/navigation4a7d.html]
[proraftingtours.com/wp-content/themes/storefront/js/skip-link-focus-fix4a7d.html]
[proraftingtours.com/wp-content/themes/storefront/assets/fonts/fa-solid-900.eot]
[proraftingtours.com/wp-content/plugins/so-widgets-bundle/css/slider/fonts/slidere8c2.html]
[proraftingtours.com/wp-content/themes/storefront/assets/fonts/fa-solid-900d41d.eot]
[proraftingtours.com/wp-content/plugins/so-widgets-bundle/css/slider/fonts/slidere8c2.svg]
[proraftingtours.com/wp-content/themes/storefront/style.css]
[proraftingtours.com/wp-content/themes/storefront/assets/fonts/fa-solid-900.woff]
[proraftingtours.com/wp-content/themes/storefront/assets/fonts/fa-solid-900.html]
[proraftingtours.com/wp-content/themes/storefront/assets/fonts/fa-solid-901.html]
[proraftingtours.com/wp-content/plugins/woocommerce/assets/fonts/star.eot]
[proraftingtours.com/wp-content/themes/storefront/assets/fonts/fa-solid-900.svg]
[proraftingtours.com/wp-content/plugins/woocommerce/assets/fonts/stard41d.eot]
[proraftingtours.com/wp-content/plugins/woocommerce/assets/fonts/star.woff]
[proraftingtours.com/wp-content/plugins/woocommerce/assets/fonts/star.html]
[proraftingtours.com/wp-content/plugins/woocommerce/assets/fonts/star.svg]
[proraftingtours.com/wp-content/themes/storefront/assets/images/credit-cards/unknown.svg]
[proraftingtours.com/wp-content/themes/storefront/assets/images/credit-cards/visa.svg]
[proraftingtours.com/wp-content/themes/storefront/assets/images/credit-cards/mastercard.svg]
[proraftingtours.com/wp-content/themes/storefront/assets/images/credit-cards/laser.svg]
[proraftingtours.com/wp-content/themes/storefront/assets/images/credit-cards/diners.svg]
[proraftingtours.com/wp-content/themes/storefront/assets/images/credit-cards/maestro.svg]
[proraftingtours.com/wp-content/themes/storefront/assets/images/credit-cards/jcb.svg]
[proraftingtours.com/wp-content/themes/storefront/assets/images/credit-cards/amex.svg]
[proraftingtours.com/wp-content/themes/storefront/assets/images/credit-cards/discover.svg]
[proraftingtours.com/cart/index.html]
[proraftingtours.com/outdoor-adventures/river-trips/international/united-states/idaho/main-salmon-river-guided-whitewater-vacations/index.html]
[proraftingtours.com/outdoor-adventures/river-trips/international/united-states/idaho/main-salmon-river-guided-whitewater-vacations/all-inclusive-amenities/index.html]
[proraftingtours.com/outdoor-adventures/river-trips/international/united-states/idaho/main-salmon-river-guided-whitewater-vacations/attractions-things-to-do/index.html]
[proraftingtours.com/outdoor-adventures/river-trips/international/united-states/idaho/main-salmon-river-guided-whitewater-vacations/special-retreats/index.html]
[proraftingtours.com/outdoor-adventures/river-trips/international/united-states/idaho/main-salmon-river-guided-whitewater-vacations/daily-itinerary-schedule/index.html]
[proraftingtours.com/outdoor-adventures/river-trips/international/united-states/idaho/main-salmon-river-guided-whitewater-vacations/trip-planner-prepare-for-vacation/index.html]
[proraftingtours.com/outdoor-adventures/river-trips/international/united-states/idaho/main-salmon-river-guided-whitewater-vacations/camp-life/index.html]
[proraftingtours.com/outdoor-adventures/river-trips/international/united-states/utah/provo-river/index.html]
[proraftingtours.com/outdoor-adventures/river-trips/international/united-states/utah/provo-river/guided-trips/index.html]
[proraftingtours.com/outdoor-adventures/river-trips/international/united-states/utah/provo-river/self-guided-rentals/index.html]
[proraftingtours.com/outdoor-adventures/river-trips/international/united-states/utah/provo-river/rafting-kayaking-training/adult/index.html]
[proraftingtours.com/outdoor-adventures/river-trips/international/united-states/utah/provo-river/rafting-kayaking-training/youth/group/index.html]
[proraftingtours.com/outdoor-adventures/river-trips/international/united-states/utah/provo-river/rafting-kayaking-training/youth/boy-scouts-whitewater-kayaking-merit-badge/index.html]
[proraftingtours.com/outdoor-adventures/river-trips/international/united-states/utah/provo-river/guided-trips/zipline/index.html]
[proraftingtours.com/outdoor-adventures/river-trips/international/united-states/utah/provo-river/guided-trips/catering/index.html]
[proraftingtours.com/outdoor-adventures/river-trips/international/united-states/utah/provo-river/rafting-kayaking-training/youth/high-adventure/index.html]
[proraftingtours.com/outdoor-adventures/river-trips/international/united-states/california/kern-river/guided-trips/outdoor-classroom-river-rafting-kayaking-camping-provo-kern/index.html]
[proraftingtours.com/outdoor-adventures/river-trips/international/united-states/california/kern-river/index.html]
[proraftingtours.com/outdoor-adventures/river-trips/international/united-states/california/kern-river/guided-trips/index.html]
[proraftingtours.com/outdoor-adventures/river-trips/international/united-states/california/kern-river/self-guided-rentals/index.html]
[proraftingtours.com/outdoor-adventures/river-trips/international/united-states/california/kern-river/self-guided-rentals/kern-river-camping/index.html]
[proraftingtours.com/outdoor-adventures/river-trips/international/united-states/california/kern-river/guided-trips/catering/index.html]
[proraftingtours.com/outdoor-adventures/river-trips/services/index.html]
[proraftingtours.com/outdoor-adventures/river-trips/guided-white-water-rafting-trips/index.html]
[proraftingtours.com/outdoor-adventures/river-trips/international/united-states/river-gear-rentals/index.html]
[proraftingtours.com/exploratory-private-whitewater-trips/index.html]
[proraftingtours.com/outdoor-adventures/river-trips/international/united-states/all-states/us-rivers/catering/index.html]
[proraftingtours.com/outdoor-adventures/river-trips/international/united-states/all-states/us-rivers/raft-kayak-camp-gear-repair/index.html]
[proraftingtours.com/outdoor-adventures/river-trips/training-consultation/index.html]
[proraftingtours.com/outdoor-adventures/adventure-guides/index.html]
[proraftingtours.com/outdoor-adventures/river-trips/blog/index.html]
[proraftingtours.com/contact-us/index.html]
[proraftingtours.com/raft-kayak-river-gear-sale/index.html]
[proraftingtours.com/raft-kayak-training/index.html]
[proraftingtours.com/outdoor-adventures/river-trips/international/united-states/utah/provo-river/self-guided-rentals/tubing/index.html]
[proraftingtours.com/outdoor-adventures/river-trips/adventure-now-contact-us/index.html]
[proraftingtours.com/outdoor-adventures/river-trips/privacy-policy/index.html]
[proraftingtours.com/outdoor-adventures/river-trips/safety-policy/index.html]
[proraftingtours.com/outdoor-adventures/river-trips/frequently-asked-questions/index.html]
[proraftingtours.com/outdoor-adventures/river-trips/terms-and-conditions/index.html]
[proraftingtours.com/outdoor-adventures/river-trips/partners-partnership/index.html]
[proraftingtours.com/outdoor-adventures/river-trips/employment/index.html]
