[proraftingtours.com/index.html]
[proraftingtours.com/wp-content/themes/prorafttours/FormPopUp/modals.css]
[proraftingtours.com/wp-content/themes/prorafttours/FormPopUp/OriginalPopUp.css]
[backblue.gif]
[fade.gif]
[index.html]
[proraftingtours.com/wp-includes/css/dist/block-library/style.min3c21.css]
[proraftingtours.com/wp-includes/css/dist/block-library/theme.min3c21.css]
[proraftingtours.com/wp-content/plugins/contact-form-7/includes/css/styles3c21.css]
[proraftingtours.com/wp-content/plugins/siteorigin-panels/css/front-flex.min0ad8.css]
[proraftingtours.com/feed/index.html]
[proraftingtours.com/comments/feed/index.html]
[proraftingtours.com/wp-content/plugins/so-widgets-bundle/css/slider/slider14b6.css]
[proraftingtours.com/wp-content/uploads/siteorigin-widgets/sow-hero-default-da80dcd6cfc73c21.css]
[proraftingtours.com/wp-content/uploads/siteorigin-widgets/sow-hero-default-5ecb17bd4f643c21.css]
[proraftingtours.com/wp-content/uploads/siteorigin-widgets/sow-hero-default-41b3c415a8313c21.css]
[proraftingtours.com/wp-content/uploads/siteorigin-widgets/sow-hero-default-5337f26d103d3c21.css]
[proraftingtours.com/wp-content/uploads/siteorigin-widgets/sow-hero-default-dc7629d507203c21.css]
[proraftingtours.com/wp-content/plugins/so-widgets-bundle/widgets/testimonial/css/style14b6.css]
[proraftingtours.com/wp-content/uploads/siteorigin-widgets/sow-testimonials-default-4408938938973c21.css]
[proraftingtours.com/wp-content/uploads/siteorigin-widgets/sow-hero-default-eade282d24e43c21.css]
[proraftingtours.com/wp-content/plugins/wp-gotowebinar/inc/external/font-awesome.min3c21.css]
[proraftingtours.com/wp-content/plugins/wp-gotowebinar/inc/external/fullcalendar.min3c21.css]
[proraftingtours.com/wp-content/plugins/wp-gotowebinar/inc/style11e6.css]
[proraftingtours.com/wp-content/themes/prorafttours/style3c21.css]
[proraftingtours.com/wp-content/themes/storefront/stylea305.css]
[proraftingtours.com/wp-content/themes/storefront/assets/css/base/gutenberg-blocksa305.css]
[proraftingtours.com/wp-content/themes/storefront/assets/css/base/iconsa305.css]
[proraftingtours.com/wp-content/themes/storefront/assets/css/woocommerce/woocommercea305.css]
[proraftingtours.com/wp-content/themes/prorafttours/style8a54.css]
[proraftingtours.com/wp-content/plugins/so-widgets-bundle/js/jquery.cycle.min14b6.js]
[proraftingtours.com/wp-content/plugins/so-widgets-bundle/js/slider/jquery.slider.min14b6.js]
[proraftingtours.com/wp-content/plugins/wp-gotowebinar/inc/external/jquery-ui.min35d0.js]
[proraftingtours.com/wp-content/plugins/wp-gotowebinar/inc/external/moment3c21.js]
[proraftingtours.com/wp-content/plugins/wp-gotowebinar/inc/external/moment-timezone-with-data3c21.js]
[proraftingtours.com/wp-content/plugins/wp-gotowebinar/inc/external/jstz.min3c21.js]
[proraftingtours.com/wp-content/plugins/wp-gotowebinar/inc/external/fullcalendar.min3c21.js]
[proraftingtours.com/wp-content/plugins/wp-gotowebinar/inc/external/locale-all3c21.js]
[proraftingtours.com/xmlrpc0db0.php]
[proraftingtours.com/wp-includes/wlwmanifest.xml]
[proraftingtours.com/wp-json/index.html]
[proraftingtours.com/wp-json/oembed/1.0/embede688.json]
[proraftingtours.com/wp-json/oembed/1.0/embed7bea]
[proraftingtours.com/wp-content/uploads/2018/11/cropped-prtwebsite2-1-32x32.jpg]
[proraftingtours.com/wp-content/uploads/2018/11/cropped-prtwebsite2-1-192x192.jpg]
[proraftingtours.com/wp-content/uploads/2018/11/cropped-prtwebsite2-1-180x180.jpg]
[proraftingtours.com/wp-content/themes/prorafttours/js/jquery.js-cookie.js]
[proraftingtours.com/wp-content/themes/prorafttours/css/header-custom.css]
[proraftingtours.com/wp-content/uploads/2018/11/prtwebsite2.jpg]
[proraftingtours.com/wp-content/themes/prorafttours/navigation.js]
[proraftingtours.com/wp-content/themes/prorafttours/navigation.css]
[proraftingtours.com/wp-content/uploads/2018/11/prtwebsitewords.jpg]
[proraftingtours.com/cart/index.html]
[proraftingtours.com/wp-content/uploads/2018/12/g4242.png]
[proraftingtours.com/outdoor-adventures/river-trips/international/united-states/idaho/main-salmon-river-guided-whitewater-vacations/all-inclusive-amenities/index.html]
[proraftingtours.com/outdoor-adventures/river-trips/international/united-states/idaho/main-salmon-river-guided-whitewater-vacations/attractions-things-to-do/index.html]
[proraftingtours.com/wp-content/uploads/2019/02/main-salmon-river-whitewater-river-rafting-idaho.jpg]
[proraftingtours.com/wp-content/uploads/2019/02/golden-sunset-and-rocky-beach-on-main-salmon-river-idaho.jpg]
[proraftingtours.com/wp-content/uploads/2019/02/rafting-kayaking-tubing-fishing-provo-river-utah.jpg]
[proraftingtours.com/outdoor-adventures/river-trips/international/united-states/idaho/main-salmon-river-guided-whitewater-vacations/index.html]
[proraftingtours.com/wp-content/uploads/2019/02/paddle-in-rapid-during-grand-canyon-whitewater-river-rafting-trip.jpg]
[proraftingtours.com/wp-content/uploads/2019/02/whitewater-rafting-kern-river-california.jpg]
[proraftingtours.com/wp-content/uploads/2019/02/whitewater-rafting-kern-river-california-3.jpg]
[proraftingtours.com/wp-content/uploads/2019/02/tent-camping-river-trip-utah-idaho-california.jpg]
[proraftingtours.com/wp-content/uploads/2019/02/rafting-trip-catered-picnic-provo-river-utah.jpg]
[proraftingtours.com/wp-content/uploads/2019/02/aerial-view-main-salmon-river-idaho.jpg]
[proraftingtours.com/wp-content/uploads/2019/02/donny-whitewater-kayaking-international-river-trip.jpg]
[proraftingtours.com/wp-content/uploads/2019/02/man-tying-raft-to-truck.jpg]
[proraftingtours.com/wp-content/uploads/2019/02/scene-from-camping-on-kern-river-california.jpg]
[proraftingtours.com/wp-content/uploads/2019/02/main-salmon-river.jpg]
[proraftingtours.com/wp-content/uploads/2019/02/moab-river-rafting-768x1024.jpg]
[proraftingtours.com/wp-content/uploads/2019/02/international-river-rafting-trip-768x1024.jpg]
[proraftingtours.com/wp-content/uploads/2019/02/big-daddy-kern-river-california.jpg]
[proraftingtours.com/wp-content/uploads/2019/02/main-smiling-and-relaxing-during-main-salmon-river-vacation-in-idaho-150x150.jpg]
[proraftingtours.com/wp-content/uploads/2019/02/men-river-rafting-during-international-river-trip-in-mexico.jpg]
[proraftingtours.com/wp-content/uploads/2019/02/selfie-rapid-colorado-grand-canyon.jpg]
[proraftingtours.com/wp-content/uploads/2019/02/river-rafting-rental-mexico.jpg]
[proraftingtours.com/wp-content/uploads/2019/02/people-exploring-side-canyon-during-grand-canyon-river-rafting-trip.jpg]
[proraftingtours.com/wp-content/themes/prorafttours/css/footer-custom.css]
[proraftingtours.com/wp-content/uploads/2018/12/g4356.png]
[proraftingtours.com/wp-content/uploads/2018/09/US_Forest_Service_logo-1.png]
[proraftingtours.com/wp-content/uploads/2019/02/sunset-during-whitewater-river-rafting-trip-idaho.jpg]
[proraftingtours.com/wp-content/uploads/siteorigin-widgets/sow-button-wire-3792f71229973c21.css]
[proraftingtours.com/wp-content/plugins/so-widgets-bundle/widgets/button/css/style14b6.css]
[proraftingtours.com/wp-content/uploads/siteorigin-widgets/sow-button-wire-9594c987271b3c21.css]
[proraftingtours.com/wp-content/uploads/siteorigin-widgets/sow-button-wire-524529cec0443c21.css]
[proraftingtours.com/wp-content/uploads/siteorigin-widgets/sow-button-wire-44f775eddb233c21.css]
[proraftingtours.com/wp-content/plugins/contact-form-7/includes/js/scripts3c21.js]
[proraftingtours.com/wp-content/plugins/woocommerce/assets/js/jquery-blockui/jquery.blockUI.min44fd.js]
[proraftingtours.com/wp-content/plugins/woocommerce/assets/js/frontend/add-to-cart.mine248.js]
[proraftingtours.com/wp-content/plugins/woocommerce/assets/js/js-cookie/js.cookie.min6b25.js]
[proraftingtours.com/wp-content/plugins/woocommerce/assets/js/frontend/woocommerce.mine248.js]
[proraftingtours.com/wp-content/plugins/woocommerce/assets/js/frontend/cart-fragments.mine248.js]
[proraftingtours.com/wp-content/plugins/wp-gotowebinar/inc/script11e6.js]
[proraftingtours.com/wp-includes/js/jquery/ui/effect.mine899.js]
[proraftingtours.com/wp-includes/js/jquery/ui/effect-shake.mine899.js]
[proraftingtours.com/wp-content/themes/storefront/assets/js/navigation.mina305.js]
[proraftingtours.com/wp-content/themes/storefront/assets/js/skip-link-focus-fix.min08e0.js]
[proraftingtours.com/wp-content/themes/storefront/assets/js/vendor/pep.mina79f.js]
[proraftingtours.com/wp-content/themes/storefront/assets/js/woocommerce/header-cart.mina305.js]
[proraftingtours.com/wp-includes/js/wp-embed.min3c21.js]
[proraftingtours.com/wp-content/plugins/siteorigin-panels/js/styling-2100.min0ad8.js]
[proraftingtours.com/wp-content/plugins/so-widgets-bundle/js/sow.jquery.fittext.min62ea.js]
[proraftingtours.com/index.html]
[proraftingtours.com/wp-content/themes/prorafttours/FormPopUp/modals.css]
[proraftingtours.com/wp-content/themes/prorafttours/FormPopUp/OriginalPopUp.css]
[proraftingtours.com/wp-includes/css/dist/block-library/style.min3c21.css]
[proraftingtours.com/wp-includes/css/dist/block-library/theme.min3c21.css]
[proraftingtours.com/wp-content/plugins/contact-form-7/images/ajax-loader.gif]
[proraftingtours.com/wp-content/plugins/contact-form-7/includes/css/styles3c21.css]
[proraftingtours.com/wp-content/plugins/siteorigin-panels/css/front-flex.min0ad8.css]
[proraftingtours.com/wp-content/plugins/so-widgets-bundle/css/slider/fonts/slidere8c2.eot]
[proraftingtours.com/wp-content/plugins/so-widgets-bundle/css/slider/fonts/sliderd41d.eot]
[proraftingtours.com/wp-content/plugins/so-widgets-bundle/css/slider/fonts/slidere8c2.woff]
[proraftingtours.com/wp-content/plugins/so-widgets-bundle/css/slider/slider14b6.css]
[proraftingtours.com/wp-content/uploads/siteorigin-widgets/sow-hero-default-da80dcd6cfc73c21.css]
[proraftingtours.com/wp-content/uploads/siteorigin-widgets/sow-hero-default-5ecb17bd4f643c21.css]
[proraftingtours.com/wp-content/uploads/siteorigin-widgets/sow-hero-default-41b3c415a8313c21.css]
[proraftingtours.com/wp-content/uploads/siteorigin-widgets/sow-hero-default-5337f26d103d3c21.css]
[proraftingtours.com/wp-content/uploads/siteorigin-widgets/sow-hero-default-dc7629d507203c21.css]
[proraftingtours.com/wp-content/plugins/so-widgets-bundle/widgets/testimonial/css/style14b6.css]
[proraftingtours.com/wp-content/uploads/siteorigin-widgets/sow-testimonials-default-4408938938973c21.css]
[proraftingtours.com/wp-content/uploads/siteorigin-widgets/sow-hero-default-eade282d24e43c21.css]
[proraftingtours.com/wp-content/plugins/wp-gotowebinar/inc/fonts/fontawesome-webfont3e6e.eot]
[proraftingtours.com/wp-content/plugins/wp-gotowebinar/inc/fonts/fontawesome-webfontd41d.eot]
[proraftingtours.com/wp-content/plugins/wp-gotowebinar/inc/fonts/fontawesome-webfont3e6e.woff]
[proraftingtours.com/wp-content/plugins/wp-gotowebinar/inc/external/font-awesome.min3c21.css]
[proraftingtours.com/wp-content/plugins/wp-gotowebinar/inc/external/fullcalendar.min3c21.css]
[proraftingtours.com/wp-content/plugins/wp-gotowebinar/inc/style11e6.css]
[proraftingtours.com/wp-content/themes/storefront/style.css]
[proraftingtours.com/wp-content/themes/prorafttours/style3c21.css]
[proraftingtours.com/wp-content/themes/storefront/stylea305.css]
[proraftingtours.com/wp-content/themes/storefront/assets/css/base/gutenberg-blocksa305.css]
[proraftingtours.com/wp-content/themes/storefront/assets/fonts/fa-solid-900.eot]
[proraftingtours.com/wp-content/themes/storefront/assets/fonts/fa-solid-900d41d.eot]
[proraftingtours.com/wp-content/themes/storefront/assets/fonts/fa-solid-900.woff]
[proraftingtours.com/wp-content/themes/storefront/assets/css/base/iconsa305.css]
[proraftingtours.com/wp-content/plugins/woocommerce/assets/fonts/star.eot]
[proraftingtours.com/wp-content/plugins/woocommerce/assets/fonts/stard41d.eot]
[proraftingtours.com/wp-content/plugins/woocommerce/assets/fonts/star.woff]
[proraftingtours.com/wp-content/themes/storefront/assets/css/woocommerce/woocommercea305.css]
[proraftingtours.com/wp-content/themes/prorafttours/style8a54.css]
[proraftingtours.com/wp-content/themes/prorafttours/css/header-custom.css]
[proraftingtours.com/wp-content/plugins/woocommerce/assets/css/select2e248.css]
[proraftingtours.com/wp-content/plugins/woocommerce/assets/js/frontend/country-select.mine248.js]
[proraftingtours.com/wp-content/plugins/woocommerce/assets/js/frontend/address-i18n.mine248.js]
[proraftingtours.com/wp-content/plugins/woocommerce/assets/js/frontend/cart.mine248.js]
[proraftingtours.com/wp-content/plugins/woocommerce/assets/js/selectWoo/selectWoo.full.min4b68.js]
[proraftingtours.com/cart/index.html]
[proraftingtours.com/wp-content/themes/prorafttours/navigation.css]
[proraftingtours.com/wp-content/uploads/siteorigin-widgets/sow-hero-default-d3a0f37dd6753c21.css]
[proraftingtours.com/wp-content/uploads/siteorigin-widgets/sow-hero-default-a36ea3c087493c21.css]
[proraftingtours.com/wp-content/uploads/siteorigin-widgets/sow-headline-default-b9cd68da53fe3c21.css]
[proraftingtours.com/wp-content/plugins/so-widgets-bundle/widgets/features/css/style14b6.css]
[proraftingtours.com/wp-content/uploads/siteorigin-widgets/sow-features-default-0e99f2d03e7c3c21.css]
[proraftingtours.com/wp-content/uploads/siteorigin-widgets/sow-hero-default-497fb747002d3c21.css]
[proraftingtours.com/wp-content/uploads/siteorigin-widgets/sow-hero-default-0c68f926c2093c21.css]
[proraftingtours.com/wp-content/uploads/siteorigin-widgets/sow-hero-default-9c388f6a9c463c21.css]
[proraftingtours.com/wp-content/uploads/siteorigin-widgets/sow-hero-default-3bea16f91d163c21.css]
[proraftingtours.com/wp-content/uploads/siteorigin-widgets/sow-button-wire-b5dd420f64d23c21.css]
[proraftingtours.com/wp-content/uploads/2019/02/beach-forest-river.jpg]
[proraftingtours.com/wp-content/uploads/2019/02/whitewater-rapid-main-salmon-river-idaho.jpg]
[proraftingtours.com/wp-content/uploads/2019/02/sunset-whitewater-rafting-trip-idaho.jpg]
[proraftingtours.com/wp-content/uploads/2019/02/rafts-beach-main-salmon-river-idaho.jpg]
[proraftingtours.com/wp-content/uploads/2019/02/headwaters-salmon-river-idaho.jpg]
[proraftingtours.com/wp-content/uploads/2019/02/raft-net-sunset-main-salmon-river-idaho.jpg]
[proraftingtours.com/wp-content/uploads/2019/02/jim-moore-place-main-salmon-river-idaho-1.jpg]
[proraftingtours.com/wp-content/uploads/2019/02/bridge-main-salmon-river-idaho.jpg]
[proraftingtours.com/wp-content/uploads/2019/02/holding-hands-main-salmon-river-idaho.jpg]
[proraftingtours.com/wp-content/uploads/2019/02/guitar-campfire-main-salmon-river-idaho.jpg]
[proraftingtours.com/wp-content/uploads/2019/02/main-salmon-river-rafting-outdoor.jpg]
[proraftingtours.com/wp-content/uploads/2019/02/main-salmon-river-rafting-trip.jpg]
[proraftingtours.com/wp-content/uploads/2019/02/main-salmon-river-rafting-beach.jpg]
[proraftingtours.com/wp-content/uploads/2019/02/main-salmon-river-rafting-adventure.jpg]
[proraftingtours.com/wp-content/uploads/2019/02/main-salmon-river-raftng-hot-spring.jpg]
[proraftingtours.com/wp-content/uploads/2019/02/main-salmon-river-rafting-wilderness.jpg]
[proraftingtours.com/wp-content/uploads/2019/02/main-salmon-river-rafting-wellness.jpg]
[proraftingtours.com/wp-content/uploads/2019/02/main-salmon-river-rafting-history.jpg]
[proraftingtours.com/wp-content/uploads/2019/02/main-salmon-river-rafting-relaxation.jpg]
[proraftingtours.com/wp-content/uploads/2019/02/main-salmon-river-rafting-thrilling-whitewater.jpg]
[proraftingtours.com/wp-content/uploads/2019/02/main-salmon-river-rafting-wildlife.jpg]
[proraftingtours.com/wp-content/uploads/2019/02/main-salmon-river-rafting-idaho-3.jpg]
[proraftingtours.com/wp-content/uploads/2019/02/creek-sunset-main-salmon-river-idaho.jpg]
[proraftingtours.com/wp-content/uploads/2019/02/main-salmon-river-beach-camp.jpg]
[proraftingtours.com/wp-content/uploads/2019/02/flower-at-polly-bemis-rach-on-main-salmon-river-vacation.jpg]
[proraftingtours.com/wp-content/uploads/2019/02/whitewater-rafting-on-rapid-on-main-salmon-river-idaho.jpg]
[proraftingtours.com/wp-content/uploads/2019/02/main-salmon-river-walking-hiking.jpg]
[proraftingtours.com/wp-content/uploads/2019/02/main-salmon-river-rafting-whitewater-idaho.jpg]
[proraftingtours.com/wp-content/uploads/2019/02/main-salmon-river-rafting-ranch.jpg]
[proraftingtours.com/wp-content/uploads/2019/02/sun-and-pink-flower-main-salmon-river-idaho.jpg]
[proraftingtours.com/wp-content/uploads/2019/02/river-sunset-kayak-main-salmon-idaho.jpg]
[proraftingtours.com/wp-content/uploads/2019/02/rafting-main-salmon-river-idaho-5.jpg]
[proraftingtours.com/wp-content/uploads/2019/02/sunset-main-salmon-river-idaho.jpg]
[proraftingtours.com/wp-content/uploads/2019/02/buckskin-bills-main-salmon-river-idaho.jpg]
[proraftingtours.com/outdoor-adventures/river-trips/international/united-states/idaho/main-salmon-river-guided-whitewater-vacations/index.html]
[proraftingtours.com/wp-content/uploads/siteorigin-widgets/sow-hero-default-18c070671d8c3c21.css]
[proraftingtours.com/wp-content/uploads/siteorigin-widgets/sow-hero-default-7d280cba3fc23c21.css]
[proraftingtours.com/wp-content/uploads/siteorigin-widgets/sow-hero-default-0ad67a981e0e3c21.css]
[proraftingtours.com/wp-content/uploads/2019/02/view-buckskin-bills-main-salmon-river-idaho.jpg]
[proraftingtours.com/wp-content/uploads/2019/02/rafting-rafting-repair-idaho.jpg]
[proraftingtours.com/wp-content/uploads/2019/02/main-salmon-river-idaho-waterfall.jpg]
[proraftingtours.com/wp-content/uploads/2019/02/main-salmon-river-rafting-apples.jpg]
[proraftingtours.com/wp-content/uploads/2019/02/middle-fork-main-salmon-river-confluence.jpg]
[proraftingtours.com/wp-content/uploads/siteorigin-widgets/sow-button-wire-589bce04e24b3c21.css]
[proraftingtours.com/outdoor-adventures/river-trips/international/united-states/idaho/main-salmon-river-guided-whitewater-vacations/all-inclusive-amenities/index.html]
[proraftingtours.com/wp-content/uploads/siteorigin-widgets/sow-hero-default-c6b4559f0a8f3c21.css]
[proraftingtours.com/wp-content/uploads/siteorigin-widgets/sow-hero-default-f43340c33ec33c21.css]
[proraftingtours.com/wp-content/uploads/2019/02/group-in-hot-spring-main-salmon-river-idaho.jpg]
[proraftingtours.com/wp-content/uploads/2019/02/main-salmon-river-rafting-history-tours.jpg]
[proraftingtours.com/wp-content/uploads/2019/02/main-salmon-river-rafting-photography.jpg]
[proraftingtours.com/wp-content/uploads/2019/02/main-salmon-river-rafting-idaho-activities-hiking.jpg]
[proraftingtours.com/wp-content/uploads/2019/02/explore-creek-main-salmon-river-idaho.jpg]
[proraftingtours.com/outdoor-adventures/river-trips/international/united-states/idaho/main-salmon-river-guided-whitewater-vacations/attractions-things-to-do/index.html]
[proraftingtours.com/wp-content/themes/prorafttours/css/footer-custom.css]
[proraftingtours.com/wp-content/uploads/siteorigin-widgets/sow-button-wire-3792f71229973c21.css]
[proraftingtours.com/wp-content/plugins/so-widgets-bundle/widgets/button/css/style14b6.css]
[proraftingtours.com/wp-content/uploads/siteorigin-widgets/sow-button-wire-9594c987271b3c21.css]
[proraftingtours.com/wp-content/uploads/siteorigin-widgets/sow-button-wire-524529cec0443c21.css]
[proraftingtours.com/wp-content/uploads/siteorigin-widgets/sow-button-wire-44f775eddb233c21.css]
[proraftingtours.com/wp-content/plugins/so-widgets-bundle/css/slider/fonts/slidere8c2.html]
[proraftingtours.com/wp-content/plugins/so-widgets-bundle/css/slider/fonts/slidere8c2.svg]
[proraftingtours.com/wp-content/plugins/wp-gotowebinar/inc/fonts/fontawesome-webfont3e6e.html]
[proraftingtours.com/wp-content/plugins/wp-gotowebinar/inc/fonts/fontawesome-webfont3e6e-2.html]
[proraftingtours.com/wp-content/plugins/wp-gotowebinar/inc/fonts/fontawesome-webfont3e6e.svg]
[proraftingtours.com/wp-content/themes/storefront/style.css]
[proraftingtours.com/wp-content/themes/storefront/assets/fonts/fa-solid-900.html]
[proraftingtours.com/wp-content/themes/storefront/assets/fonts/fa-solid-901.html]
[proraftingtours.com/wp-content/themes/storefront/assets/fonts/fa-solid-900.svg]
[proraftingtours.com/wp-content/plugins/woocommerce/assets/fonts/star.html]
[proraftingtours.com/wp-content/plugins/woocommerce/assets/fonts/star.svg]
[proraftingtours.com/wp-content/themes/storefront/assets/images/credit-cards/unknown.svg]
[proraftingtours.com/wp-content/themes/storefront/assets/images/credit-cards/visa.svg]
[proraftingtours.com/wp-content/themes/storefront/assets/images/credit-cards/mastercard.svg]
[proraftingtours.com/wp-content/themes/storefront/assets/images/credit-cards/laser.svg]
[proraftingtours.com/wp-content/themes/storefront/assets/images/credit-cards/diners.svg]
[proraftingtours.com/wp-content/themes/storefront/assets/images/credit-cards/maestro.svg]
[proraftingtours.com/wp-content/themes/storefront/assets/images/credit-cards/jcb.svg]
[proraftingtours.com/wp-content/themes/storefront/assets/images/credit-cards/amex.svg]
[proraftingtours.com/wp-content/themes/storefront/assets/images/credit-cards/discover.svg]
[proraftingtours.com/wp-content/plugins/woocommerce/assets/css/select2e248.css]
[proraftingtours.com/wp-content/uploads/siteorigin-widgets/sow-hero-default-d3a0f37dd6753c21.css]
[proraftingtours.com/wp-content/uploads/siteorigin-widgets/sow-hero-default-a36ea3c087493c21.css]
[proraftingtours.com/wp-content/uploads/siteorigin-widgets/sow-headline-default-b9cd68da53fe3c21.css]
[proraftingtours.com/wp-content/plugins/so-widgets-bundle/widgets/features/css/fonts/feature-background.c8.delayed]
[proraftingtours.com/wp-content/plugins/so-widgets-bundle/widgets/features/css/fonts/feature-background.woff]
[proraftingtours.com/wp-content/plugins/so-widgets-bundle/widgets/features/css/style14b6.css]
[proraftingtours.com/wp-content/uploads/siteorigin-widgets/sow-features-default-0e99f2d03e7c3c21.css]
[proraftingtours.com/wp-content/uploads/siteorigin-widgets/sow-hero-default-497fb747002d3c21.css]
[proraftingtours.com/wp-content/uploads/siteorigin-widgets/sow-hero-default-0c68f926c2093c21.css]
[proraftingtours.com/wp-content/uploads/siteorigin-widgets/sow-hero-default-9c388f6a9c463c21.css]
[proraftingtours.com/wp-content/uploads/siteorigin-widgets/sow-hero-default-3bea16f91d163c21.css]
[proraftingtours.com/wp-content/uploads/siteorigin-widgets/sow-button-wire-b5dd420f64d23c21.css]
[proraftingtours.com/wp-content/uploads/siteorigin-widgets/sow-hero-default-18c070671d8c3c21.css]
[proraftingtours.com/wp-content/uploads/siteorigin-widgets/sow-hero-default-7d280cba3fc23c21.css]
[proraftingtours.com/wp-content/uploads/siteorigin-widgets/sow-hero-default-0ad67a981e0e3c21.css]
[proraftingtours.com/wp-content/uploads/siteorigin-widgets/sow-button-wire-589bce04e24b3c21.css]
[proraftingtours.com/wp-content/uploads/siteorigin-widgets/sow-hero-default-c6b4559f0a8f3c21.css]
[proraftingtours.com/wp-content/uploads/siteorigin-widgets/sow-hero-default-f43340c33ec33c21.css]
[proraftingtours.com/wp-content/plugins/so-widgets-bundle/widgets/features/css/fonts/feature-background.html]
[proraftingtours.com/wp-content/plugins/so-widgets-bundle/widgets/features/css/fonts/feature-background.svg]
[proraftingtours.com/outdoor-adventures/river-trips/international/united-states/idaho/main-salmon-river-guided-whitewater-vacations/special-retreats/index.html]
[proraftingtours.com/outdoor-adventures/river-trips/international/united-states/idaho/main-salmon-river-guided-whitewater-vacations/daily-itinerary-schedule/index.html]
[proraftingtours.com/outdoor-adventures/river-trips/international/united-states/idaho/main-salmon-river-guided-whitewater-vacations/trip-planner-prepare-for-vacation/index.html]
[proraftingtours.com/outdoor-adventures/river-trips/international/united-states/idaho/main-salmon-river-guided-whitewater-vacations/camp-life/index.html]
[proraftingtours.com/outdoor-adventures/river-trips/international/united-states/utah/provo-river/index.html]
[proraftingtours.com/outdoor-adventures/river-trips/international/united-states/utah/provo-river/guided-trips/index.html]
[proraftingtours.com/outdoor-adventures/river-trips/international/united-states/utah/provo-river/self-guided-rentals/index.html]
[proraftingtours.com/outdoor-adventures/river-trips/international/united-states/utah/provo-river/rafting-kayaking-training/adult/index.html]
[proraftingtours.com/outdoor-adventures/river-trips/international/united-states/utah/provo-river/rafting-kayaking-training/youth/group/index.html]
[proraftingtours.com/outdoor-adventures/river-trips/international/united-states/utah/provo-river/rafting-kayaking-training/youth/boy-scouts-whitewater-kayaking-merit-badge/index.html]
[proraftingtours.com/outdoor-adventures/river-trips/international/united-states/utah/provo-river/guided-trips/zipline/index.html]
[proraftingtours.com/outdoor-adventures/river-trips/international/united-states/utah/provo-river/guided-trips/catering/index.html]
[proraftingtours.com/outdoor-adventures/river-trips/international/united-states/utah/provo-river/rafting-kayaking-training/youth/high-adventure/index.html]
[proraftingtours.com/outdoor-adventures/river-trips/international/united-states/california/kern-river/guided-trips/outdoor-classroom-river-rafting-kayaking-camping-provo-kern/index.html]
[proraftingtours.com/outdoor-adventures/river-trips/international/united-states/california/kern-river/index.html]
[proraftingtours.com/outdoor-adventures/river-trips/international/united-states/california/kern-river/guided-trips/index.html]
[proraftingtours.com/outdoor-adventures/river-trips/international/united-states/california/kern-river/self-guided-rentals/index.html]
[proraftingtours.com/outdoor-adventures/river-trips/international/united-states/california/kern-river/self-guided-rentals/kern-river-camping/index.html]
[proraftingtours.com/outdoor-adventures/river-trips/international/united-states/california/kern-river/guided-trips/catering/index.html]
[proraftingtours.com/outdoor-adventures/river-trips/services/index.html]
[proraftingtours.com/outdoor-adventures/river-trips/guided-white-water-rafting-trips/index.html]
[proraftingtours.com/outdoor-adventures/river-trips/international/united-states/river-gear-rentals/index.html]
[proraftingtours.com/exploratory-private-whitewater-trips/index.html]
[proraftingtours.com/outdoor-adventures/river-trips/international/united-states/all-states/us-rivers/catering/index.html]
[proraftingtours.com/outdoor-adventures/river-trips/international/united-states/all-states/us-rivers/raft-kayak-camp-gear-repair/index.html]
[proraftingtours.com/outdoor-adventures/river-trips/training-consultation/index.html]
[proraftingtours.com/outdoor-adventures/adventure-guides/index.html]
[proraftingtours.com/outdoor-adventures/river-trips/blog/index.html]
[proraftingtours.com/contact-us/index.html]
[proraftingtours.com/raft-kayak-river-gear-sale/index.html]
[proraftingtours.com/raft-kayak-training/index.html]
[proraftingtours.com/outdoor-adventures/river-trips/international/united-states/utah/provo-river/self-guided-rentals/tubing/index.html]
[proraftingtours.com/outdoor-adventures/river-trips/adventure-now-contact-us/index.html]
[proraftingtours.com/outdoor-adventures/river-trips/privacy-policy/index.html]
[proraftingtours.com/outdoor-adventures/river-trips/safety-policy/index.html]
[proraftingtours.com/outdoor-adventures/river-trips/frequently-asked-questions/index.html]
[proraftingtours.com/outdoor-adventures/river-trips/terms-and-conditions/index.html]
[proraftingtours.com/outdoor-adventures/river-trips/partners-partnership/index.html]
[proraftingtours.com/outdoor-adventures/river-trips/employment/index.html]
[proraftingtours.com/wp-content/themes/storefront/js/navigation4a7d.html]
[proraftingtours.com/wp-content/themes/storefront/js/skip-link-focus-fix4a7d.html]
[proraftingtours.com/indexc351.html]
[proraftingtours.com/wp-json/oembed/1.0/embed634e.html]
[proraftingtours.com/wp-json/oembed/1.0/embedb630.html]
[proraftingtours.com/shop/index.html]
[proraftingtours.com/index4407.html]
[proraftingtours.com/wp-json/oembed/1.0/embed9f31.html]
[proraftingtours.com/wp-json/oembed/1.0/embed5a2c.html]
[proraftingtours.com/outdoor-adventures/river-trips/international/united-states/idaho/main-salmon-river-guided-whitewater-vacations/quote-pricing/index.html]
[proraftingtours.com/indexe6c6.html]
[proraftingtours.com/wp-json/oembed/1.0/embed269b.html]
[proraftingtours.com/wp-json/oembed/1.0/embed16be.html]
[proraftingtours.com/index59cd.html]
[proraftingtours.com/wp-json/oembed/1.0/embed08fc.html]
[proraftingtours.com/wp-json/oembed/1.0/embedd007.html]
